../Drivers/STM32WBxx_HAL_Driver/Inc/stm32wbxx_ll_rcc.h:1574:22:LL_RCC_HSI48_Enable	1
../Drivers/STM32WBxx_HAL_Driver/Inc/stm32wbxx_ll_rcc.h:1594:26:LL_RCC_HSI48_IsReady	2
../Drivers/STM32WBxx_HAL_Driver/Inc/stm32wbxx_ll_rcc.h:1679:22:LL_RCC_LSE_SetDriveCapability	1
../Drivers/STM32WBxx_HAL_Driver/Inc/stm32wbxx_ll_bus.h:939:22:LL_APB1_GRP1_EnableClock	1
../Drivers/STM32WBxx_HAL_Driver/Inc/stm32wbxx_ll_hsem.h:233:26:LL_HSEM_1StepLock	2
../Core/Src/main.c:74:5:main	1
../Core/Src/main.c:140:6:SystemClock_Config	3
../Core/Src/main.c:204:6:PeriphCommonClock_Config	2
../Core/Src/main.c:226:6:PeriphClock_Config	2
../Core/Src/main.c:281:6:Error_Handler	1
